C:\ST\STM32CubeIDE_1.14.1\STM32CubeIDE\plugins\com.st.stm32cube.ide.mcu.externaltools.gnu-tools-for-stm32.11.3.rel1.win32_1.1.100.202309141235\tools\arm-none-eabi\include\c++\11.3.1\arm-none-eabi\thumb\v7e-m+dp\hard\bits\gthr-default.h:229:1:int __gthread_key_delete(__gthread_key_t)	16	static
../UserLib/STM32HAL_CommonLib/data_convert.cpp:14:6:bool G24_STM32HAL::CommonLib::DataConvert::encode_can_frame(const G24_STM32HAL::CommonLib::DataPacket&, G24_STM32HAL::CommonLib::CanFrame&)	16	static
../UserLib/STM32HAL_CommonLib/data_convert.cpp:27:6:bool G24_STM32HAL::CommonLib::DataConvert::decode_can_frame(const G24_STM32HAL::CommonLib::CanFrame&, G24_STM32HAL::CommonLib::DataPacket&)	16	static
../UserLib/STM32HAL_CommonLib/data_convert.cpp:45:8:size_t G24_STM32HAL::CommonLib::DataConvert::encode_bytes(const G24_STM32HAL::CommonLib::DataPacket&, uint8_t*, size_t)	24	static
../UserLib/STM32HAL_CommonLib/data_convert.cpp:62:8:size_t G24_STM32HAL::CommonLib::DataConvert::encode_COBS_bytes(const G24_STM32HAL::CommonLib::DataPacket&, uint8_t*, size_t)	56	dynamic
../UserLib/STM32HAL_CommonLib/data_convert.cpp:68:6:bool G24_STM32HAL::CommonLib::DataConvert::decode_bytes(const uint8_t*, size_t, G24_STM32HAL::CommonLib::DataPacket&)	24	static
../UserLib/STM32HAL_CommonLib/data_convert.cpp:83:6:bool G24_STM32HAL::CommonLib::DataConvert::decode_COBS_bytes(const uint8_t*, G24_STM32HAL::CommonLib::DataPacket&)	32	static
../UserLib/STM32HAL_CommonLib/data_convert.cpp:94:8:size_t G24_STM32HAL::CommonLib::DataConvert::can_to_slcan(const G24_STM32HAL::CommonLib::CanFrame&, char*, size_t)	32	static
../UserLib/STM32HAL_CommonLib/data_convert.cpp:164:6:bool G24_STM32HAL::CommonLib::DataConvert::slcan_to_can(const char*, G24_STM32HAL::CommonLib::CanFrame&)	40	static
../UserLib/STM32HAL_CommonLib/data_convert.cpp:242:8:size_t G24_STM32HAL::CommonLib::DataConvert::encode_COBS(const uint8_t*, size_t, uint8_t*, size_t)	40	static
../UserLib/STM32HAL_CommonLib/data_convert.cpp:267:8:size_t G24_STM32HAL::CommonLib::DataConvert::decode_COBS(const uint8_t*, uint8_t*, size_t)	32	static
